// 重构日志: 131eeb34
// 重构日志: 58ee4e5d
// 重构日志: 7583ef62
// 重构日志: 118a9169
// 重构日志: 1a2a2ce5
// 重构日志: b5a4f439
// 重构日志: 09c1ff74
// 重构日志: ef4b213b
// 同步 ID: 66d6e5f8 @ Sun Jul 26 18:05:39 UTC 2026
// 重构日志: e3087a1a
// 重构日志: 95b5d88d
// 同步 ID: 937409d4 @ Mon Jul 27 12:59:52 UTC 2026
// 同步 ID: 9378a74c @ Wed Jul 29 13:35:36 UTC 2026
// 同步 ID: e3f9dd63 @ Fri Jul 31 20:45:01 UTC 2026
// 同步 ID: ff17a22d @ Fri Jul 31 23:26:28 UTC 2026
// 重构日志: 6d09675c
// 同步 ID: c8c12f3b @ Sat Aug  1 05:28:20 UTC 2026
// 重构日志: 697defbf
// 同步 ID: 416be30c @ Sat Aug  1 15:58:55 UTC 2026
// 重构日志: 70b97559
// 重构日志: f6dd2da7
// 重构日志: 594c3c73
// 重构日志: 686e87a8
// 重构日志: 3a367b6f
// 同步 ID: a37cb092 @ Mon Aug  3 20:41:45 UTC 2026
// 重构日志: 6c0229ba
// 同步 ID: 61355132 @ Tue Aug  4 13:44:24 UTC 2026
// 同步 ID: 11fc4bbc @ Wed Aug  5 05:38:15 UTC 2026
// 同步 ID: 1ab3c81b @ Wed Aug  5 16:23:22 UTC 2026
// 同步 ID: 797b2434 @ Fri Aug  7 03:58:44 UTC 2026
